// Jest Snapshot v1, https://goo.gl/fbAQLP

exports[`<App /> render 1`] = `
<div
  className="App"
>
  <header
    className="App-header"
  >
    <img
      alt="logo"
      className="App-logo"
      src="logo.svg"
    />
    <a
      className="App-link"
      href="https://reactjs.org"
      rel="noopener noreferrer"
      target="_blank"
    >
      Learn React1
    </a>
    <a
      className="App-link"
      href="https://dashboard.cypress.io/projects/nkhmz8"
      rel="noopener noreferrer"
      target="_blank"
    >
      Check the cypress dashboard
    </a>
    <a
      href="https://travis-ci.org/jzsplk/cyReact"
      rel="noopener noreferrer"
      target="_blank"
    >
      travis ci page
    </a>
  </header>
</div>
`;
